2026-09-07T13:22:31.363Z 2026-09-25 done in 30s: 4 queries, 25 candidates <=1.5km, cheapest 245.45 Testa Gioacchino B&B
2026-09-07T13:22:58.183Z 2026-09-26 done in 27s: 4 queries, 28 candidates <=1.5km, cheapest 245.45 Testa Gioacchino B&B
2026-09-07T13:23:34.822Z 2026-09-27 done in 37s: 5 queries, 29 candidates <=1.5km, cheapest 195.87 GH Hotel San Giusto
2026-09-07T13:24:08.531Z 2026-09-28 done in 34s: 4 queries, 25 candidates <=1.5km, cheapest 182.45 Roma Tiberius Suite
2026-09-07T13:24:30.203Z 2026-09-29 done in 22s: 3 queries, 25 candidates <=1.5km, cheapest 182 Mikasa Piazza Bologna
2026-09-07T13:25:03.358Z 2026-09-30 done in 33s: 4 queries, 28 candidates <=1.5km, cheapest 163.64 B&B SPQR
2026-09-07T13:25:30.057Z 2026-10-01 done in 27s: 4 queries, 28 candidates <=1.5km, cheapest 163.64 B&B SPQR
2026-09-07T13:25:58.850Z 2026-10-02 done in 29s: 4 queries, 26 candidates <=1.5km, cheapest 186.14 Mikasa Piazza Bologna
2026-09-07T13:26:29.024Z 2026-10-03 done in 30s: 4 queries, 28 candidates <=1.5km, cheapest 186.14 Mikasa Piazza Bologna
2026-09-07T13:26:59.476Z 2026-10-04 done in 30s: 4 queries, 27 candidates <=1.5km, cheapest 186.14 Mikasa Piazza Bologna
2026-09-07T13:27:21.937Z 2026-10-05 done in 22s: 3 queries, 25 candidates <=1.5km, cheapest 163.64 B&B SPQR
2026-09-07T13:27:52.655Z 2026-10-06 done in 31s: 4 queries, 27 candidates <=1.5km, cheapest 163.64 B&B SPQR
2026-09-07T13:28:18.950Z 2026-10-07 done in 26s: 4 queries, 28 candidates <=1.5km, cheapest 171.82 TIBURTINA INN GUEST HOUSE
2026-09-07T13:28:45.693Z 2026-10-08 done in 27s: 4 queries, 26 candidates <=1.5km, cheapest 186.14 Mikasa Piazza Bologna
2026-09-07T13:29:11.501Z 2026-10-09 done in 26s: 4 queries, 27 candidates <=1.5km, cheapest 186.14 Mikasa Piazza Bologna
2026-09-07T13:29:36.558Z 2026-10-10 done in 25s: 4 queries, 28 candidates <=1.5km, cheapest 186.14 Mikasa Piazza Bologna
2026-09-07T13:30:09.156Z 2026-10-11 done in 33s: 5 queries, 28 candidates <=1.5km, cheapest 186.14 Mikasa Piazza Bologna
2026-09-07T13:30:35.158Z 2026-10-12 done in 26s: 4 queries, 27 candidates <=1.5km, cheapest 186.14 Mikasa Piazza Bologna
2026-09-07T13:31:01.633Z 2026-10-13 done in 26s: 4 queries, 27 candidates <=1.5km, cheapest 188.96 Domus Remo Room #2
2026-09-07T13:31:28.766Z 2026-10-14 done in 27s: 4 queries, 27 candidates <=1.5km, cheapest 209.07 Domus Remo Room #3
2026-09-07T13:31:55.459Z 2026-10-15 done in 27s: 4 queries, 25 candidates <=1.5km, cheapest 210.96 Mikasa Piazza Bologna
2026-09-07T13:32:20.757Z 2026-10-16 done in 25s: 4 queries, 25 candidates <=1.5km, cheapest 210.96 Mikasa Piazza Bologna
2026-09-07T13:32:45.732Z 2026-10-17 done in 25s: 4 queries, 25 candidates <=1.5km, cheapest 210.96 Mikasa Piazza Bologna
2026-09-07T13:33:11.414Z 2026-10-18 done in 26s: 4 queries, 26 candidates <=1.5km, cheapest 186.14 Mikasa Piazza Bologna
2026-09-07T13:33:37.201Z 2026-10-19 done in 26s: 4 queries, 25 candidates <=1.5km, cheapest 188.96 Domus Remo Room #2
2026-09-07T13:34:03.061Z 2026-10-20 done in 26s: 4 queries, 25 candidates <=1.5km, cheapest 186.14 Mikasa Piazza Bologna
2026-09-07T13:34:29.520Z 2026-10-21 done in 26s: 4 queries, 25 candidates <=1.5km, cheapest 172.42 BEDS&ROOMS TIBURTINA- Rooms, Camere private
2026-09-07T13:34:55.736Z 2026-10-22 done in 26s: 4 queries, 26 candidates <=1.5km, cheapest 179.12 BEDS&ROOMS TIBURTINA- Rooms, Camere private
2026-09-07T13:35:21.476Z 2026-10-23 done in 26s: 4 queries, 26 candidates <=1.5km, cheapest 179.12 BEDS&ROOMS TIBURTINA- Rooms, Camere private
2026-09-07T13:35:47.640Z 2026-10-24 done in 26s: 4 queries, 25 candidates <=1.5km, cheapest 186.14 Mikasa Piazza Bologna
2026-09-07T13:36:14.279Z 2026-10-25 done in 27s: 4 queries, 26 candidates <=1.5km, cheapest 186.14 Mikasa Piazza Bologna
2026-09-07T13:36:42.161Z 2026-10-26 done in 28s: 4 queries, 26 candidates <=1.5km, cheapest 163.64 B&B SPQR
2026-09-07T13:37:02.644Z 2026-10-27 done in 20s: 3 queries, 26 candidates <=1.5km, cheapest 163.64 B&B SPQR
2026-09-07T13:37:43.785Z 2026-10-28 done in 41s: 4 queries, 26 candidates <=1.5km, cheapest 163.64 B&B SPQR
2026-09-07T13:38:10.580Z 2026-10-29 done in 27s: 4 queries, 26 candidates <=1.5km, cheapest 163.64 B&B SPQR
2026-09-07T13:38:38.850Z 2026-10-30 done in 28s: 4 queries, 26 candidates <=1.5km, cheapest 181.59 Domus Remo Room #2
2026-09-07T13:39:22.376Z ERR 2026-10-31 q3_3km_band1_57 attempt 1: page.goto: net::ERR_FAILED at https://www.booking.com/searchresults.it.html?ss=Stazione+Roma+Tiburtina&dest_type=landmark&checkin=2026-10-31&checkout=2026-11-03&group_adults=1&no_rooms=1&group_children=0&order=price&selected_currency=EUR&nflt=distance%3D3000%3Bht_id%3D204%3Bht_id%3D208%3Bht_id%3D216%3Bprice%3DEUR-57-max-1
2026-09-07T13:39:41.328Z 2026-10-31 done in 62s: 4 queries, 25 candidates <=1.5km, cheapest 174.22 Domus Remo Room #2
2026-09-07T13:40:06.190Z WARN booking_2026-11-01_3n_1a_q4_hostels no apollo data (status 200, title "Booking.com | Sito ufficiale | I migliori hotel, voli, noleggi auto e alloggi") attempt 1
2026-09-07T13:40:16.773Z 2026-11-01 done in 35s: 4 queries, 25 candidates <=1.5km, cheapest 158.23 AFFITTACAMERE A CASA MIA
2026-09-07T13:40:44.925Z 2026-11-02 done in 28s: 4 queries, 25 candidates <=1.5km, cheapest 158.23 AFFITTACAMERE A CASA MIA
2026-09-07T13:41:11.061Z 2026-11-03 done in 26s: 4 queries, 25 candidates <=1.5km, cheapest 157.91 B&B Anturium
2026-09-07T13:41:31.963Z 2026-11-04 done in 21s: 3 queries, 25 candidates <=1.5km, cheapest 156.17 B&B Anturium
2026-09-07T13:41:58.500Z 2026-11-05 done in 27s: 4 queries, 25 candidates <=1.5km, cheapest 156.17 B&B Anturium
2026-09-07T13:42:25.660Z 2026-11-06 done in 27s: 4 queries, 25 candidates <=1.5km, cheapest 156.17 B&B Anturium
2026-09-07T13:42:52.044Z 2026-11-07 done in 26s: 4 queries, 25 candidates <=1.5km, cheapest 156.17 B&B Anturium
2026-09-07T13:43:18.915Z 2026-11-08 done in 27s: 4 queries, 25 candidates <=1.5km, cheapest 156.17 B&B Anturium
2026-09-07T13:43:46.812Z 2026-11-09 done in 28s: 4 queries, 25 candidates <=1.5km, cheapest 158.23 AFFITTACAMERE A CASA MIA
2026-09-07T13:44:13.681Z 2026-11-10 done in 27s: 4 queries, 25 candidates <=1.5km, cheapest 138.26 BEDS&ROOMS TIBURTINA- Rooms, Camere private
2026-09-07T13:44:40.058Z 2026-11-11 done in 26s: 4 queries, 25 candidates <=1.5km, cheapest 138.26 BEDS&ROOMS TIBURTINA- Rooms, Camere private
2026-09-07T13:45:07.895Z 2026-11-12 done in 28s: 4 queries, 25 candidates <=1.5km, cheapest 138.26 BEDS&ROOMS TIBURTINA- Rooms, Camere private
2026-09-07T13:45:35.305Z 2026-11-13 done in 27s: 4 queries, 25 candidates <=1.5km, cheapest 138.26 BEDS&ROOMS TIBURTINA- Rooms, Camere private
2026-09-07T13:46:03.618Z 2026-11-14 done in 28s: 4 queries, 25 candidates <=1.5km, cheapest 158.23 AFFITTACAMERE A CASA MIA
2026-09-07T13:46:31.987Z 2026-11-15 done in 28s: 4 queries, 25 candidates <=1.5km, cheapest 156.17 B&B Anturium
2026-09-07T13:46:59.324Z 2026-11-16 done in 27s: 4 queries, 25 candidates <=1.5km, cheapest 157.04 B&B Anturium
2026-09-07T13:47:27.013Z 2026-11-17 done in 28s: 4 queries, 25 candidates <=1.5km, cheapest 157.04 B&B Anturium
2026-09-07T13:47:57.300Z 2026-11-18 done in 30s: 4 queries, 25 candidates <=1.5km, cheapest 157.04 B&B Anturium
2026-09-07T13:48:26.832Z 2026-11-19 done in 30s: 4 queries, 25 candidates <=1.5km, cheapest 156.17 B&B Anturium
2026-09-07T13:48:47.203Z 2026-11-20 done in 20s: 3 queries, 25 candidates <=1.5km, cheapest 156.17 B&B Anturium
2026-09-07T13:49:14.702Z 2026-11-21 done in 27s: 4 queries, 25 candidates <=1.5km, cheapest 138.26 BEDS&ROOMS TIBURTINA- Rooms, Camere private
2026-09-07T13:49:43.084Z 2026-11-22 done in 28s: 4 queries, 25 candidates <=1.5km, cheapest 138.26 BEDS&ROOMS TIBURTINA- Rooms, Camere private
2026-09-07T13:50:10.676Z 2026-11-23 done in 28s: 4 queries, 25 candidates <=1.5km, cheapest 138.26 BEDS&ROOMS TIBURTINA- Rooms, Camere private
2026-09-07T13:50:39.005Z 2026-11-24 done in 28s: 4 queries, 25 candidates <=1.5km, cheapest 138.26 BEDS&ROOMS TIBURTINA- Rooms, Camere private
2026-09-07T13:51:06.852Z 2026-11-25 done in 28s: 4 queries, 25 candidates <=1.5km, cheapest 138.26 BEDS&ROOMS TIBURTINA- Rooms, Camere private
2026-09-07T13:51:33.429Z 2026-11-26 done in 27s: 4 queries, 25 candidates <=1.5km, cheapest 138.26 BEDS&ROOMS TIBURTINA- Rooms, Camere private
2026-09-07T13:52:00.394Z 2026-11-27 done in 27s: 4 queries, 25 candidates <=1.5km, cheapest 138.26 BEDS&ROOMS TIBURTINA- Rooms, Camere private
2026-09-07T13:52:22.876Z 2026-11-28 done in 22s: 3 queries, 25 candidates <=1.5km, cheapest 138.26 BEDS&ROOMS TIBURTINA- Rooms, Camere private
2026-09-07T13:52:57.167Z 2026-11-29 done in 34s: 5 queries, 25 candidates <=1.5km, cheapest 138.26 BEDS&ROOMS TIBURTINA- Rooms, Camere private
2026-09-07T13:53:19.662Z 2026-11-30 done in 22s: 3 queries, 25 candidates <=1.5km, cheapest 138.26 BEDS&ROOMS TIBURTINA- Rooms, Camere private
